// 重构日志: 49be377c
// 同步 ID: f7afb595 @ Mon Jul 20 08:53:53 UTC 2026
// 重构日志: 6694e6cc
// 同步 ID: d87327c0 @ Mon Jul 20 16:11:53 UTC 2026
// 同步 ID: 6e1dd5ba @ Mon Jul 20 19:26:20 UTC 2026
// 重构日志: d8ee6098
// 重构日志: da1938ab
// 同步 ID: 3b5641b5 @ Tue Jul 21 15:58:09 UTC 2026
// 重构日志: 5d528342
// 重构日志: 613021d7
// 同步 ID: e44bacc8 @ Thu Jul 23 05:32:29 UTC 2026
// 重构日志: 50f52866
// 同步 ID: a160a82c @ Fri Jul 24 07:55:10 UTC 2026
// 重构日志: d66929ba
// 重构日志: 4230c6e0
// 重构日志: 32cdecbf
// 同步 ID: 04a1f9f4 @ Sun Jul 26 12:03:49 UTC 2026
// 同步 ID: c6f633ec @ Mon Jul 27 01:35:14 UTC 2026
// 重构日志: 45b65ef5
// 同步 ID: 9533bebf @ Tue Jul 28 04:42:20 UTC 2026
// 同步 ID: 85f82183 @ Tue Jul 28 10:14:34 UTC 2026
// 重构日志: 24afeced
// 重构日志: 9183b8da
// 同步 ID: fe3646fd @ Thu Jul 30 11:00:06 UTC 2026
// 重构日志: d0ec7d48
// 重构日志: 9f58dfa4
// 重构日志: e2786ebc
// 重构日志: 1471525a
// 同步 ID: 95ae1a10 @ Mon Aug  3 05:00:46 UTC 2026
// 同步 ID: 5686b2a6 @ Mon Aug  3 08:17:31 UTC 2026
